2:15:52 AM [vite] (client) [console.warn] THREE.Clock: This module has been deprecated. Please use THREE.Timer instead.
2:15:53 AM [vite] (client) [console.error] Attempted to synchronously unmount a root while React was already rendering. React cannot finish unmounting the root until the current render has completed, which may lead to a race condition.
2:15:53 AM [vite] (client) [console.error] Attempted to synchronously unmount a root while React was already rendering. React cannot finish unmounting the root until the current render has completed, which may lead to a race condition.
2:15:53 AM [vite] (client) [console.error] Attempted to synchronously unmount a root while React was already rendering. React cannot finish unmounting the root until the current render has completed, which may lead to a race condition.
2:15:53 AM [vite] (client) [console.error] Attempted to synchronously unmount a root while React was already rendering. React cannot finish unmounting the root until the current render has completed, which may lead to a race condition.
2:15:53 AM [vite] (client) [console.error] Attempted to synchronously unmount a root while React was already rendering. React cannot finish unmounting the root until the current render has completed, which may lead to a race condition.
2:15:53 AM [vite] (client) [console.error] Attempted to synchronously unmount a root while React was already rendering. React cannot finish unmounting the root until the current render has completed, which may lead to a race condition.
2:15:53 AM [vite] (client) [console.error] Attempted to synchronously unmount a root while React was already rendering. React cannot finish unmounting the root until the current render has completed, which may lead to a race condition.
2:15:53 AM [vite] (client) [console.error] Attempted to synchronously unmount a root while React was already rendering. React cannot finish unmounting the root until the current render has completed, which may lead to a race condition.
2:15:53 AM [vite] (client) [console.error] Attempted to synchronously unmount a root while React was already rendering. React cannot finish unmounting the root until the current render has completed, which may lead to a race condition.
2:15:53 AM [vite] (client) [console.error] Attempted to synchronously unmount a root while React was already rendering. React cannot finish unmounting the root until the current render has completed, which may lead to a race condition.
2:15:53 AM [vite] (client) [console.error] Attempted to synchronously unmount a root while React was already rendering. React cannot finish unmounting the root until the current render has completed, which may lead to a race condition.
2:15:53 AM [vite] (client) [console.warn] THREE.WebGLShadowMap: PCFSoftShadowMap has been removed. Using PCFShadowMap instead.
node:internal/modules/run_main:107
    triggerUncaughtException(
    ^

locator.waitFor: Timeout 30000ms exceeded.
Call log:
[2m  - waiting for getByRole('button', { name: 'Records', exact: true }) to be visible[22m

    at /workspace/openline-world/production/he-said-ceo-001/tools/capture-ui.mjs:14:61 {
  log: [
    "  - waiting for getByRole('button', { name: 'Records', exact: true }) to be visible"
  ],
  name: 'TimeoutError'
}

Node.js v24.19.0
