Traceback (most recent call last):
  File "/home/hatch/workspace/openline-world/backend/server.py", line 704, in <module>
    raise SystemExit(main())
                     ^^^^^^
  File "/home/hatch/workspace/openline-world/backend/server.py", line 684, in main
    server = ThreadingHTTPServer((HOST, PORT), Handler)
             ^^^^^^^^^^^^^^^^^^^^^^^^^^^^^^^^^^^^^^^^^^
  File "/usr/lib/python3.12/socketserver.py", line 457, in __init__
    self.server_bind()
  File "/usr/lib/python3.12/http/server.py", line 136, in server_bind
    socketserver.TCPServer.server_bind(self)
  File "/usr/lib/python3.12/socketserver.py", line 473, in server_bind
    self.socket.bind(self.server_address)
OSError: [Errno 98] Address already in use
Traceback (most recent call last):
  File "/home/hatch/workspace/openline-world/backend/server.py", line 704, in <module>
    raise SystemExit(main())
                     ^^^^^^
  File "/home/hatch/workspace/openline-world/backend/server.py", line 684, in main
    server = ThreadingHTTPServer((HOST, PORT), Handler)
             ^^^^^^^^^^^^^^^^^^^^^^^^^^^^^^^^^^^^^^^^^^
  File "/usr/lib/python3.12/socketserver.py", line 457, in __init__
    self.server_bind()
  File "/usr/lib/python3.12/http/server.py", line 136, in server_bind
    socketserver.TCPServer.server_bind(self)
  File "/usr/lib/python3.12/socketserver.py", line 473, in server_bind
    self.socket.bind(self.server_address)
OSError: [Errno 98] Address already in use
